Form e:\rsgzgl2006nid\forms\bdryxx.scx has the following errors:
    Form MNDZ - Undefined

Form e:\rsgzgl2006nid\forms\blfb.scx has the following errors:
    Unknown AFLDLIST - Undefined

Form e:\rsgzgl2006nid\forms\dwjcjxbz.scx has the following errors:
    Unknown AFLDLIST - Undefined

Form e:\rsgzgl2006nid\forms\dy.scx has the following errors:
    Report REPORT - Undefined
    Report REPORT1 - Undefined

Form e:\rsgzgl2006nid\forms\dycjb.scx has the following errors:
    Report 人员登记表 - Undefined

Form e:\rsgzgl2006nid\forms\dygsb.scx has the following errors:
    Report 校对表 - Undefined

Form e:\rsgzgl2006nid\forms\dygzhmc.scx has the following errors:
    Report 校对表 - Undefined

Form e:\rsgzgl2006nid\forms\dyjdb.scx has the following errors:
    Report 校对表 - Undefined

Form e:\rsgzgl2006nid\forms\glyj.scx has the following errors:
    Report REPORT - Undefined

Form e:\rsgzgl2006nid\forms\jbtbzsz06.scx has the following errors:
    Unknown AFLDLIST - Undefined

Form e:\rsgzgl2006nid\forms\jbtxmsz.scx has the following errors:
    Unknown CRTVFLDHZ - Undefined

Form e:\rsgzgl2006nid\forms\jzdzdz.scx has the following errors:
    Form XTHELP - Undefined

Form e:\rsgzgl2006nid\forms\khjgtj.scx has the following errors:
    Report REPORT - Undefined

Form e:\rsgzgl2006nid\forms\ndkhlr1.scx has the following errors:
    Report REPORT - Undefined
    Report 报表 - Undefined

Form e:\rsgzgl2006nid\forms\printform.scx has the following errors:
    Report REPORT - Undefined
    Report REPORT1 - Undefined

Form e:\rsgzgl2006nid\forms\printform0.scx has the following errors:
    Report REPORT - Undefined
    Report REPORT1 - Undefined

Form e:\rsgzgl2006nid\forms\zwgzsz06.scx has the following errors:
    Unknown AFLDLIST - Undefined

Report e:\rsgzgl2006nid\reports\fjspb.frx has the following errors:
    Unknown LANDKH - Undefined

Report e:\rsgzgl2006nid\reports\jdb.frx has the following errors:
    Unknown TGNX1 - Undefined
    Unknown TGNX - Undefined

Report e:\rsgzgl2006nid\reports\jdb_sy.frx has the following errors:
    Unknown LANDKH - Undefined
    Unknown LAGZ - Undefined
    Unknown LARZJL - Undefined
    Unknown LAGZBD - Undefined
    Unknown LAXL - Undefined

Report e:\rsgzgl2006nid\reports\jdb_xz.frx has the following errors:
    Unknown LANDKH - Undefined
    Unknown LAGZ - Undefined
    Unknown LARZJL - Undefined
    Unknown LAGZBD - Undefined
    Unknown LAXL - Undefined
    Unknown LAJX - Undefined

Report e:\rsgzgl2006nid\reports\jxgzspb.frx has the following errors:
    Unknown LAXL - Undefined

Report e:\rsgzgl2006nid\reports\jytgspb.frx has the following errors:
    Unknown LAT - Undefined
    Unknown LAKHJG - Undefined

Report e:\rsgzgl2006nid\reports\khtj.frx has the following errors:
    Unknown LSARRAY - Undefined

Report e:\rsgzgl2006nid\reports\khtj1.frx has the following errors:
    Unknown LSARRAY - Undefined

Report e:\rsgzgl2006nid\reports\spb.frx has the following errors:
    Unknown LANDKH - Undefined

Report e:\rsgzgl2006nid\reports\syjxgzspb1.frx has the following errors:
    Unknown LAXL - Undefined

Report e:\rsgzgl2006nid\reports\syspb.frx has the following errors:
    Unknown LANDKH - Undefined

Report e:\rsgzgl2006nid\reports\syzzdzspb.frx has the following errors:
    Unknown LAXL - Undefined

Report e:\rsgzgl2006nid\reports\zzdzspb.frx has the following errors:
    Unknown LAXL - Undefined

Visual Class Library e:\rsgzgl2006nid\libs\gzjsgl.vcx has the following errors:
    Form SELETREE - Undefined
    Report REPORTS - Undefined
    Unknown AFLDLST - Undefined

Program e:\rsgzgl2006nid\progs\cstoxls.prg has the following errors:
    Unknown AFLDLST - Undefined

Program e:\rsgzgl2006nid\progs\fjtg.prg has the following errors:
    Unknown LAT - Undefined

Program e:\rsgzgl2006nid\progs\gmjy.prg has the following errors:
    Unknown TRACTD - Undefined

Program e:\rsgzgl2006nid\progs\outexcel.prg has the following errors:
    Unknown AFLDLST - Undefined

Program e:\rsgzgl2006nid\progs\outexceld.prg has the following errors:
    Unknown AFLDLST - Undefined

Program e:\rsgzgl2006nid\progs\outexceljx.prg has the following errors:
    Unknown AFLDLST - Undefined

Program e:\rsgzgl2006nid\progs\outtoexcel.prg has the following errors:
    Unknown AFLDLST - Undefined

Program e:\rsgzgl2006nid\progs\readfromxls.prg has the following errors:
    Unknown AFLDLST - Undefined

Program e:\rsgzgl2006nid\progs\rptpreview.prg has the following errors:
    Form DYKZ - Undefined

Program e:\rsgzgl2006nid\progs\showtree.prg has the following errors:
    Form SELETREE - Undefined

Program e:\rsgzgl2006nid\progs\toexlhz.prg has the following errors:
    Unknown AFLDLST - Undefined

Program e:\rsgzgl2006nid\progs\toexlmx.prg has the following errors:
    Unknown AFLDLST - Undefined

Program e:\rsgzgl2006nid\progs\wordtohex.prg has the following errors:
    Unknown M_LONBITS - Undefined
    Unknown M_L2POWER - Undefined

Program e:\rsgzgl2006nid\progs\xzw.prg has the following errors:
    Unknown LSARRAY - Undefined

Report e:\rsgzgl2006nid\reports\xzzzdzspb.frx has the following errors:
    Unknown LAXL - Undefined

Report e:\rsgzgl2006nid\reports\fjjxgzspb.frx has the following errors:
    Unknown LAXL - Undefined

Program e:\rsgzgl2006nid\progs\outexlspb.prg has the following errors:
    Unknown LANDKH - Undefined
    Unknown AFLDLST - Undefined

Report e:\rsgzgl2006nid\reports\syjxgzspb.frx has the following errors:
    Unknown LAXL - Undefined

Form e:\rsgzgl2006nid\forms\dr.scx has the following errors:
    Unknown SQLERROR - Undefined

Form e:\rsgzgl2006nid\forms\form1.scx has the following errors:
    Unknown SQLERROR - Undefined
    Program CRTVKGSYSQ - Undefined

Program e:\rsgzgl2006nid\progs\uncompresszip.prg has the following errors:
    Unknown MKDIR - Undefined

Form e:\rsgzgl2006nid\forms\zzryjkxx.scx has the following errors:
    Form MNDZ - Undefined
    Unknown SQLERROR - Undefined

Report e:\rsgzgl2006nid\reports\mtjtspb.frx has the following errors:
    Unknown LANDKH - Undefined

Report e:\rsgzgl2006nid\reports\symtjtspb.frx has the following errors:
    Unknown LANDKH - Undefined

